// Jest Snapshot v1, https://goo.gl/fbAQLP

exports[`<Home /> renders correctly 1`] = `
<div
  className="container"
>
  <div
    className="text-center row"
  >
    <div
      className="col"
    >
      <h1>
        Welcome to MixNJuice!
      </h1>
      <p
        style={
          Object {
            "fontSize": "0.8em",
          }
        }
      >
        <a
          href="/"
          onClick={[Function]}
        >
          Click here to customize your front page!
        </a>
      </p>
    </div>
  </div>
  <div
    className="text-center row"
  >
    <div
      className="col"
    >
      <h2>
        Top recipes of the day
      </h2>
      <div
        className="card-group"
      >
        <div
          className="card"
        >
          <img
            className="card-img-top img-fluid w-75 mx-auto"
            src="/media/card-test-1.jpg"
          />
          <div
            className="card-body"
          >
            <div
              className="card-title h5"
            >
              <a
                href="/"
                onClick={[Function]}
              >
                Strawberry Milkshake
              </a>
            </div>
            <p
              className="card-text"
            >
              by David Dyess
            </p>
          </div>
          <div
            className="card-footer"
          >
            <small>
              <span
                aria-label="Checkmark emoji"
                role="img"
              >
                ✔
              </span>
              ️ You have everything!
            </small>
          </div>
        </div>
        <div
          className="card"
        >
          <img
            className="card-img-top img-fluid w-75 mx-auto"
            src="/media/card-test-2.jpg"
          />
          <div
            className="card-body"
          >
            <div
              className="card-title h5"
            >
              <a
                href="/"
                onClick={[Function]}
              >
                Bomb Pop
              </a>
            </div>
            <p
              className="card-text"
            >
              by JosefBud
            </p>
          </div>
          <div
            className="card-footer"
          >
            <small>
              <span
                aria-label="Checkmark emoji"
                role="img"
              >
                ✔
              </span>
              ️ You have everything!
            </small>
          </div>
        </div>
        <div
          className="card"
        >
          <img
            className="card-img-top img-fluid w-75 mx-auto"
            src="/media/card-test-3.jpg"
          />
          <div
            className="card-body"
          >
            <div
              className="card-title h5"
            >
              <a
                href="/"
                onClick={[Function]}
              >
                Tiramisu
              </a>
            </div>
            <p
              className="card-text"
            >
              by ayan4m1
            </p>
          </div>
          <div
            className="card-footer"
          >
            <small>
              <span
                aria-label="X emoji"
                role="img"
              >
                ❌
              </span>
               
              You are missing 1 flavor
            </small>
          </div>
        </div>
        <div
          className="card"
        >
          <img
            className="card-img-top img-fluid w-75 mx-auto"
            src="/media/card-test-4.jpeg"
          />
          <div
            className="card-body"
          >
            <div
              className="card-title h5"
            >
              <a
                href="/"
                onClick={[Function]}
              >
                RY4 Tobaccy
              </a>
            </div>
            <p
              className="card-text"
            >
              by pscn
            </p>
          </div>
          <div
            className="card-footer"
          >
            <small>
              <span
                aria-label="Checkmark emoji"
                role="img"
              >
                ✔
              </span>
              ️ You have everything!
            </small>
          </div>
        </div>
        <div
          className="card"
        >
          <img
            className="card-img-top img-fluid w-75 mx-auto"
            src="/media/card-test-5.jpeg"
          />
          <div
            className="card-body"
          >
            <div
              className="card-title h5"
            >
              <a
                href="/"
                onClick={[Function]}
              >
                Fruit Punch
              </a>
            </div>
            <p
              className="card-text"
            >
              by Korlimann
            </p>
          </div>
          <div
            className="card-footer"
          >
            <small>
              <span
                aria-label="X emoji"
                role="img"
              >
                ❌
              </span>
               
              You are missing 3 flavors
            </small>
          </div>
        </div>
      </div>
    </div>
  </div>
  <hr />
  <div
    className="text-center row"
  >
    <div
      className="col"
    >
      <h2>
        Newest recipes
      </h2>
      <div
        className="card-group"
      >
        <div
          className="card"
        >
          <img
            className="card-img-top img-fluid w-75 mx-auto"
            src="/media/card-test-1.jpg"
          />
          <div
            className="card-body"
          >
            <div
              className="card-title h5"
            >
              <a
                href="/user/david"
                onClick={[Function]}
              >
                Strawberry Milkshake
              </a>
            </div>
            <p
              className="card-text"
            >
              by David Dyess
            </p>
          </div>
          <div
            className="card-footer"
          >
            <small>
              <span
                aria-label="Checkmark emoji"
                role="img"
              >
                ✔
              </span>
              ️ You have everything!
            </small>
          </div>
        </div>
        <div
          className="card"
        >
          <img
            className="card-img-top img-fluid w-75 mx-auto"
            src="/media/card-test-2.jpg"
          />
          <div
            className="card-body"
          >
            <div
              className="card-title h5"
            >
              <a
                href="/"
                onClick={[Function]}
              >
                Bomb Pop
              </a>
            </div>
            <p
              className="card-text"
            >
              by JosefBud
            </p>
          </div>
          <div
            className="card-footer"
          >
            <small>
              <span
                aria-label="Checkmark emoji"
                role="img"
              >
                ✔
              </span>
              ️ You have everything!
            </small>
          </div>
        </div>
        <div
          className="card"
        >
          <img
            className="card-img-top img-fluid w-75 mx-auto"
            src="/media/card-test-3.jpg"
          />
          <div
            className="card-body"
          >
            <div
              className="card-title h5"
            >
              <a
                href="/"
                onClick={[Function]}
              >
                Tiramisu
              </a>
            </div>
            <p
              className="card-text"
            >
              by ayan4m1
            </p>
          </div>
          <div
            className="card-footer"
          >
            <small>
              <span
                aria-label="X emoji"
                role="img"
              >
                ❌
              </span>
               
              You are missing 1 flavor
            </small>
          </div>
        </div>
        <div
          className="card"
        >
          <img
            className="card-img-top img-fluid w-75 mx-auto"
            src="/media/card-test-4.jpeg"
          />
          <div
            className="card-body"
          >
            <div
              className="card-title h5"
            >
              <a
                href="/"
                onClick={[Function]}
              >
                RY4 Tobaccy
              </a>
            </div>
            <p
              className="card-text"
            >
              by pscn
            </p>
          </div>
          <div
            className="card-footer"
          >
            <small>
              <span
                aria-label="Checkmark emoji"
                role="img"
              >
                ✔
              </span>
              ️ You have everything!
            </small>
          </div>
        </div>
        <div
          className="card"
        >
          <img
            className="card-img-top img-fluid w-75 mx-auto"
            src="/media/card-test-5.jpeg"
          />
          <div
            className="card-body"
          >
            <div
              className="card-title h5"
            >
              <a
                href="/"
                onClick={[Function]}
              >
                Fruit Punch
              </a>
            </div>
            <p
              className="card-text"
            >
              by Korlimann
            </p>
          </div>
          <div
            className="card-footer"
          >
            <small>
              <span
                aria-label="X emoji"
                role="img"
              >
                ❌
              </span>
               
              You are missing 3 flavors
            </small>
          </div>
        </div>
      </div>
    </div>
  </div>
  <hr />
  <div
    className="text-center row"
  >
    <div
      className="col"
    >
      <h2>
        Featured mixer of the month
      </h2>
      <div
        className="text-center card"
      >
        <div
          className="card-header"
        >
          mlNikon
        </div>
        <div
          className="card-body"
        >
          <div
            className="row"
          >
            <div
              className="col"
            >
              <img
                alt=""
                className="w-50"
                src="/media/harold.jpeg"
              />
            </div>
            <div
              className="col"
            >
              <div
                className="card-title h5"
              >
                I'm not creative enough
              </div>
              <p
                className="card-text"
              >
                To figure out what could go here, but it's an idea.
              </p>
              <button
                className="button-animation btn btn-primary"
                disabled={false}
                type="button"
              >
                <span>
                  Check out their recipes
                </span>
              </button>
            </div>
          </div>
        </div>
        <div
          className="text-muted card-footer"
        >
          <span>
            The next featured mixer will be here in 5 days
          </span>
        </div>
      </div>
    </div>
  </div>
</div>
`;
