// Jest Snapshot v1, https://goo.gl/fbAQLP

exports[`<Recipes /> renders correctly 1`] = `
<DocumentFragment>
  <div
    class="container"
  >
    <div
      class="text-center row"
    >
      <div
        class="col"
      >
        <h1>
          Recipes search page
        </h1>
      </div>
    </div>
  </div>
</DocumentFragment>
`;
