// Jest Snapshot v1, https://goo.gl/fbAQLP

exports[`<Profile /> renders current user profile correctly 1`] = `[Function]`;

exports[`<Profile /> renders visited user profile correctly 1`] = `
<div
  className="container"
>
  <div
    className="text-center row"
  >
    <div
      className="col"
    >
      <p>
        This is what other users see when they look at your profile.
        <br />
        <a
          href="/user-settings"
          onClick={[Function]}
        >
          Click here to edit your profile
        </a>
      </p>
    </div>
  </div>
  <div
    className="text-center mb-3 row"
  >
    <div
      className="col-md-4"
    >
      <div
        className="card"
      >
        <img
          className="card-img-top"
          src="https://www.gravatar.com/avatar/xxx?s=250"
        />
        <h1
          className="card-header"
        >
          mixn
        </h1>
        <div
          className="card-body"
        >
          <div>
            <i
              className="fa city"
            />
             
            WhyNotMinot, CAN
          </div>
          <div>
            <i
              className="fa globe"
            />
             
            <a
              href="//itsfreezing.com"
            >
              itsfreezing.com
            </a>
          </div>
        </div>
      </div>
      <div
        className="text-left card"
      >
        <div
          className="card-body"
        >
          FA Cheez Whiz is my favorite.
        </div>
      </div>
      <div
        className="mt-3 btn-group"
        role="group"
      >
        <button
          className="button-animation btn btn-primary"
          disabled={false}
          type="button"
        >
          <span>
            Message
          </span>
        </button>
        <button
          className="button-animation btn btn-primary"
          disabled={false}
          type="button"
        >
          <span>
            Follow
          </span>
        </button>
        <button
          className="button-animation btn btn-primary"
          disabled={false}
          type="button"
        >
          <span>
            Report
          </span>
        </button>
      </div>
    </div>
    <div
      className="col"
    >
      <div
        className="text-center row"
      >
        <div
          className="col"
        >
          <h2>
            Coming soon! 
            <sup>
              â„¢
            </sup>
          </h2>
          <hr />
        </div>
      </div>
    </div>
    <hr />
  </div>
</div>
`;
