// Jest Snapshot v1, https://goo.gl/fbAQLP

exports[`Dashboard <Roles /> renders correctly 1`] = `<Pagination />`;
