// Jest Snapshot v1, https://goo.gl/fbAQLP

exports[`<IngredientBar /> renders correctly 1`] = `
<div
  className="ingredient-bar progress"
>
  <div
    aria-valuemax={100}
    aria-valuemin={0}
    aria-valuenow={20}
    className="progress-bar bg-danger"
    onMouseEnter={[Function]}
    onMouseLeave={[Function]}
    role="progressbar"
    style={
      Object {
        "width": "20%",
      }
    }
  >
    Nic (20%)
  </div>
  <div
    aria-valuemax={100}
    aria-valuemin={0}
    aria-valuenow={10}
    className="progress-bar"
    onMouseEnter={[Function]}
    onMouseLeave={[Function]}
    role="progressbar"
    style={
      Object {
        "width": "10%",
      }
    }
  >
    Flavor (10%)
  </div>
  <div
    aria-valuemax={100}
    aria-valuemin={0}
    aria-valuenow={60}
    className="progress-bar bg-success"
    onMouseEnter={[Function]}
    onMouseLeave={[Function]}
    role="progressbar"
    style={
      Object {
        "width": "60%",
      }
    }
  >
    VG (60%)
  </div>
  <div
    aria-valuemax={100}
    aria-valuemin={0}
    aria-valuenow={10}
    className="progress-bar bg-warning"
    onMouseEnter={[Function]}
    onMouseLeave={[Function]}
    role="progressbar"
    style={
      Object {
        "width": "10%",
      }
    }
  >
    PG (10%)
  </div>
</div>
`;
