// Jest Snapshot v1, https://goo.gl/fbAQLP

exports[`<ToastDrawer /> renders correctly 1`] = `
<DocumentFragment>
  <section
    class="toast-drawer"
  >
    <div
      aria-atomic="true"
      aria-live="assertive"
      class="fade toast show"
      role="alert"
    >
      <div
        class="toast-header"
      >
        <strong
          class="mr-auto"
        >
          I am a toast
        </strong>
        <button
          class="close ml-2 mb-1"
          data-dismiss="toast"
          type="button"
        >
          <span
            aria-hidden="true"
          >
            Ã—
          </span>
          <span
            class="sr-only"
          >
            Close
          </span>
        </button>
      </div>
      <div
        class="toast-body"
      >
        Ask me anything
      </div>
    </div>
  </section>
</DocumentFragment>
`;

exports[`<ToastDrawer /> renders null if empty 1`] = `<DocumentFragment />`;
