// Jest Snapshot v1, https://goo.gl/fbAQLP

exports[`Dashboard <RoleAddUser /> renders correctly 1`] = `
<div
  className="card"
  style={Object {}}
>
  <div
    className="card-header"
  >
    Roles &gt; Assign Administrator Role
  </div>
  <div
    className="card-body"
  >
    
    
    <i
      className="fa chevron-left"
    />
     Â 
    <a
      href="#roles"
      onClick={[Function]}
    >
      Back
    </a>
    <form
      className=""
      noValidate={true}
      onSubmit={[Function]}
    >
      <div
        className="form-group"
      >
        <label
          className="form-label"
        >
          Select User to Assign to 
          Administrator
          s Role
        </label>
        <select
          className="form-control"
          name="userId"
          onChange={[Function]}
          value="0"
        >
          <option
            value="0"
          >
            Choose a User
          </option>
          <option
            value="1"
          >
            david
             (
            david@fake-gmail.com
            )
          </option>
          <option
            value="2"
          >
            alvapone
             (
            al@fake-mixnjuice.com
            )
          </option>
        </select>
      </div>
    </form>
    <br />
  </div>
</div>
`;
